
> frontend@0.1.0 test
> craco test --watchAll=false --runInBand

PASS src/components/admin/NewGameDialog.test.js
PASS src/pages/ScoreEntry.test.js
PASS src/components/admin/NewGameDialog.hosted.test.js
PASS src/pages/Playoffs.test.js
PASS src/components/admin/HallOfFameTab.test.js
PASS src/context/AppStateContext.mock.test.js
PASS src/components/admin/VenuesTab.test.js
  ● Console

    console.warn
      Warning: Missing `Description` or `aria-describedby={undefined}` for {DialogContent}.

      at node_modules/@radix-ui/react-dialog/src/dialog.tsx:543:36
      at Object.react-stack-bottom-frame (node_modules/react-dom/cjs/react-dom-client.development.js:22509:20)
      at runWithFiberInDEV (node_modules/react-dom/cjs/react-dom-client.development.js:543:16)
      at commitHookEffectListMount (node_modules/react-dom/cjs/react-dom-client.development.js:10758:29)
      at commitHookPassiveMountEffects (node_modules/react-dom/cjs/react-dom-client.development.js:10880:11)
      at commitPassiveMountOnFiber (node_modules/react-dom/cjs/react-dom-client.development.js:12653:13)
      at recursivelyTraversePassiveMountEffects (node_modules/react-dom/cjs/react-dom-client.development.js:12627:11)
      at commitPassiveMountOnFiber (node_modules/react-dom/cjs/react-dom-client.development.js:12755:11)
      at recursivelyTraversePassiveMountEffects (node_modules/react-dom/cjs/react-dom-client.development.js:12627:11)
      at commitPassiveMountOnFiber (node_modules/react-dom/cjs/react-dom-client.development.js:12646:11)
      at recursivelyTraversePassiveMountEffects (node_modules/react-dom/cjs/react-dom-client.development.js:12627:11)
      at commitPassiveMountOnFiber (node_modules/react-dom/cjs/react-dom-client.development.js:12646:11)
      at recursivelyTraversePassiveMountEffects (node_modules/react-dom/cjs/react-dom-client.development.js:12627:11)
      at commitPassiveMountOnFiber (node_modules/react-dom/cjs/react-dom-client.development.js:12646:11)
      at recursivelyTraversePassiveMountEffects (node_modules/react-dom/cjs/react-dom-client.development.js:12627:11)
      at commitPassiveMountOnFiber (node_modules/react-dom/cjs/react-dom-client.development.js:12646:11)
      at recursivelyTraversePassiveMountEffects (node_modules/react-dom/cjs/react-dom-client.development.js:12627:11)
      at commitPassiveMountOnFiber (node_modules/react-dom/cjs/react-dom-client.development.js:12646:11)
      at recursivelyTraversePassiveMountEffects (node_modules/react-dom/cjs/react-dom-client.development.js:12627:11)
      at commitPassiveMountOnFiber (node_modules/react-dom/cjs/react-dom-client.development.js:12646:11)
      at recursivelyTraversePassiveMountEffects (node_modules/react-dom/cjs/react-dom-client.development.js:12627:11)
      at commitPassiveMountOnFiber (node_modules/react-dom/cjs/react-dom-client.development.js:12646:11)
      at recursivelyTraversePassiveMountEffects (node_modules/react-dom/cjs/react-dom-client.development.js:12627:11)
      at commitPassiveMountOnFiber (node_modules/react-dom/cjs/react-dom-client.development.js:12755:11)
      at recursivelyTraversePassiveMountEffects (node_modules/react-dom/cjs/react-dom-client.development.js:12627:11)
      at commitPassiveMountOnFiber (node_modules/react-dom/cjs/react-dom-client.development.js:12646:11)
      at recursivelyTraversePassiveMountEffects (node_modules/react-dom/cjs/react-dom-client.development.js:12627:11)
      at commitPassiveMountOnFiber (node_modules/react-dom/cjs/react-dom-client.development.js:12646:11)
      at recursivelyTraversePassiveMountEffects (node_modules/react-dom/cjs/react-dom-client.development.js:12627:11)
      at commitPassiveMountOnFiber (node_modules/react-dom/cjs/react-dom-client.development.js:12755:11)
      at recursivelyTraversePassiveMountEffects (node_modules/react-dom/cjs/react-dom-client.development.js:12627:11)
      at commitPassiveMountOnFiber (node_modules/react-dom/cjs/react-dom-client.development.js:12646:11)
      at recursivelyTraversePassiveMountEffects (node_modules/react-dom/cjs/react-dom-client.development.js:12627:11)
      at commitPassiveMountOnFiber (node_modules/react-dom/cjs/react-dom-client.development.js:12646:11)
      at recursivelyTraversePassiveMountEffects (node_modules/react-dom/cjs/react-dom-client.development.js:12627:11)
      at commitPassiveMountOnFiber (node_modules/react-dom/cjs/react-dom-client.development.js:12646:11)
      at recursivelyTraversePassiveMountEffects (node_modules/react-dom/cjs/react-dom-client.development.js:12627:11)
      at commitPassiveMountOnFiber (node_modules/react-dom/cjs/react-dom-client.development.js:12755:11)
      at recursivelyTraversePassiveMountEffects (node_modules/react-dom/cjs/react-dom-client.development.js:12627:11)
      at commitPassiveMountOnFiber (node_modules/react-dom/cjs/react-dom-client.development.js:12646:11)
      at recursivelyTraversePassiveMountEffects (node_modules/react-dom/cjs/react-dom-client.development.js:12627:11)
      at commitPassiveMountOnFiber (node_modules/react-dom/cjs/react-dom-client.development.js:12646:11)
      at recursivelyTraversePassiveMountEffects (node_modules/react-dom/cjs/react-dom-client.development.js:12627:11)
      at commitPassiveMountOnFiber (node_modules/react-dom/cjs/react-dom-client.development.js:12755:11)
      at recursivelyTraversePassiveMountEffects (node_modules/react-dom/cjs/react-dom-client.development.js:12627:11)
      at commitPassiveMountOnFiber (node_modules/react-dom/cjs/react-dom-client.development.js:12646:11)
      at recursivelyTraversePassiveMountEffects (node_modules/react-dom/cjs/react-dom-client.development.js:12627:11)
      at commitPassiveMountOnFiber (node_modules/react-dom/cjs/react-dom-client.development.js:12657:11)

    console.warn
      Warning: Missing `Description` or `aria-describedby={undefined}` for {DialogContent}.

      at node_modules/@radix-ui/react-dialog/src/dialog.tsx:543:36
      at Object.react-stack-bottom-frame (node_modules/react-dom/cjs/react-dom-client.development.js:22509:20)
      at runWithFiberInDEV (node_modules/react-dom/cjs/react-dom-client.development.js:543:16)
      at commitHookEffectListMount (node_modules/react-dom/cjs/react-dom-client.development.js:10758:29)
      at commitHookPassiveMountEffects (node_modules/react-dom/cjs/react-dom-client.development.js:10880:11)
      at commitPassiveMountOnFiber (node_modules/react-dom/cjs/react-dom-client.development.js:12653:13)
      at recursivelyTraversePassiveMountEffects (node_modules/react-dom/cjs/react-dom-client.development.js:12627:11)
      at commitPassiveMountOnFiber (node_modules/react-dom/cjs/react-dom-client.development.js:12755:11)
      at recursivelyTraversePassiveMountEffects (node_modules/react-dom/cjs/react-dom-client.development.js:12627:11)
      at commitPassiveMountOnFiber (node_modules/react-dom/cjs/react-dom-client.development.js:12646:11)
      at recursivelyTraversePassiveMountEffects (node_modules/react-dom/cjs/react-dom-client.development.js:12627:11)
      at commitPassiveMountOnFiber (node_modules/react-dom/cjs/react-dom-client.development.js:12646:11)
      at recursivelyTraversePassiveMountEffects (node_modules/react-dom/cjs/react-dom-client.development.js:12627:11)
      at commitPassiveMountOnFiber (node_modules/react-dom/cjs/react-dom-client.development.js:12646:11)
      at recursivelyTraversePassiveMountEffects (node_modules/react-dom/cjs/react-dom-client.development.js:12627:11)
      at commitPassiveMountOnFiber (node_modules/react-dom/cjs/react-dom-client.development.js:12646:11)
      at recursivelyTraversePassiveMountEffects (node_modules/react-dom/cjs/react-dom-client.development.js:12627:11)
      at commitPassiveMountOnFiber (node_modules/react-dom/cjs/react-dom-client.development.js:12646:11)
      at recursivelyTraversePassiveMountEffects (node_modules/react-dom/cjs/react-dom-client.development.js:12627:11)
      at commitPassiveMountOnFiber (node_modules/react-dom/cjs/react-dom-client.development.js:12646:11)
      at recursivelyTraversePassiveMountEffects (node_modules/react-dom/cjs/react-dom-client.development.js:12627:11)
      at commitPassiveMountOnFiber (node_modules/react-dom/cjs/react-dom-client.development.js:12646:11)
      at recursivelyTraversePassiveMountEffects (node_modules/react-dom/cjs/react-dom-client.development.js:12627:11)
      at commitPassiveMountOnFiber (node_modules/react-dom/cjs/react-dom-client.development.js:12755:11)
      at recursivelyTraversePassiveMountEffects (node_modules/react-dom/cjs/react-dom-client.development.js:12627:11)
      at commitPassiveMountOnFiber (node_modules/react-dom/cjs/react-dom-client.development.js:12646:11)
      at recursivelyTraversePassiveMountEffects (node_modules/react-dom/cjs/react-dom-client.development.js:12627:11)
      at commitPassiveMountOnFiber (node_modules/react-dom/cjs/react-dom-client.development.js:12646:11)
      at recursivelyTraversePassiveMountEffects (node_modules/react-dom/cjs/react-dom-client.development.js:12627:11)
      at commitPassiveMountOnFiber (node_modules/react-dom/cjs/react-dom-client.development.js:12755:11)
      at recursivelyTraversePassiveMountEffects (node_modules/react-dom/cjs/react-dom-client.development.js:12627:11)
      at commitPassiveMountOnFiber (node_modules/react-dom/cjs/react-dom-client.development.js:12646:11)
      at recursivelyTraversePassiveMountEffects (node_modules/react-dom/cjs/react-dom-client.development.js:12627:11)
      at commitPassiveMountOnFiber (node_modules/react-dom/cjs/react-dom-client.development.js:12646:11)
      at recursivelyTraversePassiveMountEffects (node_modules/react-dom/cjs/react-dom-client.development.js:12627:11)
      at commitPassiveMountOnFiber (node_modules/react-dom/cjs/react-dom-client.development.js:12646:11)
      at recursivelyTraversePassiveMountEffects (node_modules/react-dom/cjs/react-dom-client.development.js:12627:11)
      at commitPassiveMountOnFiber (node_modules/react-dom/cjs/react-dom-client.development.js:12755:11)
      at recursivelyTraversePassiveMountEffects (node_modules/react-dom/cjs/react-dom-client.development.js:12627:11)
      at commitPassiveMountOnFiber (node_modules/react-dom/cjs/react-dom-client.development.js:12646:11)
      at recursivelyTraversePassiveMountEffects (node_modules/react-dom/cjs/react-dom-client.development.js:12627:11)
      at commitPassiveMountOnFiber (node_modules/react-dom/cjs/react-dom-client.development.js:12646:11)
      at recursivelyTraversePassiveMountEffects (node_modules/react-dom/cjs/react-dom-client.development.js:12627:11)
      at commitPassiveMountOnFiber (node_modules/react-dom/cjs/react-dom-client.development.js:12755:11)
      at recursivelyTraversePassiveMountEffects (node_modules/react-dom/cjs/react-dom-client.development.js:12627:11)
      at commitPassiveMountOnFiber (node_modules/react-dom/cjs/react-dom-client.development.js:12646:11)
      at recursivelyTraversePassiveMountEffects (node_modules/react-dom/cjs/react-dom-client.development.js:12627:11)
      at commitPassiveMountOnFiber (node_modules/react-dom/cjs/react-dom-client.development.js:12657:11)

    console.warn
      Warning: Missing `Description` or `aria-describedby={undefined}` for {DialogContent}.

      at node_modules/@radix-ui/react-dialog/src/dialog.tsx:543:36
      at Object.react-stack-bottom-frame (node_modules/react-dom/cjs/react-dom-client.development.js:22509:20)
      at runWithFiberInDEV (node_modules/react-dom/cjs/react-dom-client.development.js:543:16)
      at commitHookEffectListMount (node_modules/react-dom/cjs/react-dom-client.development.js:10758:29)
      at commitHookPassiveMountEffects (node_modules/react-dom/cjs/react-dom-client.development.js:10880:11)
      at commitPassiveMountOnFiber (node_modules/react-dom/cjs/react-dom-client.development.js:12653:13)
      at recursivelyTraversePassiveMountEffects (node_modules/react-dom/cjs/react-dom-client.development.js:12627:11)
      at commitPassiveMountOnFiber (node_modules/react-dom/cjs/react-dom-client.development.js:12755:11)
      at recursivelyTraversePassiveMountEffects (node_modules/react-dom/cjs/react-dom-client.development.js:12627:11)
      at commitPassiveMountOnFiber (node_modules/react-dom/cjs/react-dom-client.development.js:12646:11)
      at recursivelyTraversePassiveMountEffects (node_modules/react-dom/cjs/react-dom-client.development.js:12627:11)
      at commitPassiveMountOnFiber (node_modules/react-dom/cjs/react-dom-client.development.js:12646:11)
      at recursivelyTraversePassiveMountEffects (node_modules/react-dom/cjs/react-dom-client.development.js:12627:11)
      at commitPassiveMountOnFiber (node_modules/react-dom/cjs/react-dom-client.development.js:12646:11)
      at recursivelyTraversePassiveMountEffects (node_modules/react-dom/cjs/react-dom-client.development.js:12627:11)
      at commitPassiveMountOnFiber (node_modules/react-dom/cjs/react-dom-client.development.js:12646:11)
      at recursivelyTraversePassiveMountEffects (node_modules/react-dom/cjs/react-dom-client.development.js:12627:11)
      at commitPassiveMountOnFiber (node_modules/react-dom/cjs/react-dom-client.development.js:12646:11)
      at recursivelyTraversePassiveMountEffects (node_modules/react-dom/cjs/react-dom-client.development.js:12627:11)
      at commitPassiveMountOnFiber (node_modules/react-dom/cjs/react-dom-client.development.js:12646:11)
      at recursivelyTraversePassiveMountEffects (node_modules/react-dom/cjs/react-dom-client.development.js:12627:11)
      at commitPassiveMountOnFiber (node_modules/react-dom/cjs/react-dom-client.development.js:12646:11)
      at recursivelyTraversePassiveMountEffects (node_modules/react-dom/cjs/react-dom-client.development.js:12627:11)
      at commitPassiveMountOnFiber (node_modules/react-dom/cjs/react-dom-client.development.js:12755:11)
      at recursivelyTraversePassiveMountEffects (node_modules/react-dom/cjs/react-dom-client.development.js:12627:11)
      at commitPassiveMountOnFiber (node_modules/react-dom/cjs/react-dom-client.development.js:12646:11)
      at recursivelyTraversePassiveMountEffects (node_modules/react-dom/cjs/react-dom-client.development.js:12627:11)
      at commitPassiveMountOnFiber (node_modules/react-dom/cjs/react-dom-client.development.js:12646:11)
      at recursivelyTraversePassiveMountEffects (node_modules/react-dom/cjs/react-dom-client.development.js:12627:11)
      at commitPassiveMountOnFiber (node_modules/react-dom/cjs/react-dom-client.development.js:12755:11)
      at recursivelyTraversePassiveMountEffects (node_modules/react-dom/cjs/react-dom-client.development.js:12627:11)
      at commitPassiveMountOnFiber (node_modules/react-dom/cjs/react-dom-client.development.js:12646:11)
      at recursivelyTraversePassiveMountEffects (node_modules/react-dom/cjs/react-dom-client.development.js:12627:11)
      at commitPassiveMountOnFiber (node_modules/react-dom/cjs/react-dom-client.development.js:12646:11)
      at recursivelyTraversePassiveMountEffects (node_modules/react-dom/cjs/react-dom-client.development.js:12627:11)
      at commitPassiveMountOnFiber (node_modules/react-dom/cjs/react-dom-client.development.js:12646:11)
      at recursivelyTraversePassiveMountEffects (node_modules/react-dom/cjs/react-dom-client.development.js:12627:11)
      at commitPassiveMountOnFiber (node_modules/react-dom/cjs/react-dom-client.development.js:12755:11)
      at recursivelyTraversePassiveMountEffects (node_modules/react-dom/cjs/react-dom-client.development.js:12627:11)
      at commitPassiveMountOnFiber (node_modules/react-dom/cjs/react-dom-client.development.js:12646:11)
      at recursivelyTraversePassiveMountEffects (node_modules/react-dom/cjs/react-dom-client.development.js:12627:11)
      at commitPassiveMountOnFiber (node_modules/react-dom/cjs/react-dom-client.development.js:12646:11)
      at recursivelyTraversePassiveMountEffects (node_modules/react-dom/cjs/react-dom-client.development.js:12627:11)
      at commitPassiveMountOnFiber (node_modules/react-dom/cjs/react-dom-client.development.js:12755:11)
      at recursivelyTraversePassiveMountEffects (node_modules/react-dom/cjs/react-dom-client.development.js:12627:11)
      at commitPassiveMountOnFiber (node_modules/react-dom/cjs/react-dom-client.development.js:12646:11)
      at recursivelyTraversePassiveMountEffects (node_modules/react-dom/cjs/react-dom-client.development.js:12627:11)
      at commitPassiveMountOnFiber (node_modules/react-dom/cjs/react-dom-client.development.js:12657:11)

PASS src/pages/Home.test.js
PASS src/pages/Schedule.test.js
PASS src/components/admin/PracticeScorekeeper.test.js
PASS src/components/game/CompetitionRow.test.js
PASS src/pages/GameDetail.test.js
PASS src/pages/Leaderboards.test.js
PASS src/pages/TeamPage.test.js
PASS src/components/admin/LedgerScorekeeper.test.js
PASS src/components/layout/RoleGate.test.js
PASS src/pages/Standings.test.js
PASS src/components/ui/select.test.jsx
PASS src/components/game/GameCard.test.js
PASS src/components/ui/accordion.test.jsx
PASS src/components/layout/MobileJoinBar.test.js
PASS src/components/ui/dialog.test.jsx
PASS src/components/common/TurnstileWidget.test.js
PASS src/lib/backend.test.js
PASS src/context/RoleContext.test.js
PASS src/App.config.test.js
PASS src/lib/derivedStats.test.js
PASS src/lib/practiceLedger.test.js
PASS src/lib/gameTime.test.js
PASS src/hooks/usePersistedPreference.test.js
  ● Console

    console.error
      The current testing environment is not configured to support act(...)

      38 |   const render = async (props) => {
      39 |     let api = null;
    > 40 |     await act(async () => root.render(<Probe {...props} onReady={(next) => { api = next; }} />));
         |                                ^
      41 |     return () => api;
      42 |   };
      43 |

      at isConcurrentActEnvironment (node_modules/react-dom/cjs/react-dom-client.development.js:14234:17)
      at warnIfUpdatesNotWrappedWithActDEV (node_modules/react-dom/cjs/react-dom-client.development.js:15748:7)
      at scheduleUpdateOnFiber (node_modules/react-dom/cjs/react-dom-client.development.js:14311:11)
      at updateContainerImpl (node_modules/react-dom/cjs/react-dom-client.development.js:20278:10)
      at ReactDOMRoot.render (node_modules/react-dom/cjs/react-dom-client.development.js:24470:9)
      at src/hooks/usePersistedPreference.test.js:40:32
      at Object.<anonymous>.process.env.NODE_ENV.exports.act (node_modules/react/cjs/react.development.js:1081:22)
      at render (src/hooks/usePersistedPreference.test.js:40:14)
      at Object.<anonymous> (src/hooks/usePersistedPreference.test.js:45:11)

    console.error
      The current testing environment is not configured to support act(...)

      31 |
      32 |   afterEach(async () => {
    > 33 |     await act(async () => root.unmount());
         |                                ^
      34 |     container.remove();
      35 |     window.localStorage.clear();
      36 |   });

      at isConcurrentActEnvironment (node_modules/react-dom/cjs/react-dom-client.development.js:14234:17)
      at warnIfUpdatesNotWrappedWithActDEV (node_modules/react-dom/cjs/react-dom-client.development.js:15748:7)
      at scheduleUpdateOnFiber (node_modules/react-dom/cjs/react-dom-client.development.js:14311:11)
      at updateContainerImpl (node_modules/react-dom/cjs/react-dom-client.development.js:20278:10)
      at updateContainerSync (node_modules/react-dom/cjs/react-dom-client.development.js:20219:7)
      at ReactDOMRoot.unmount (node_modules/react-dom/cjs/react-dom-client.development.js:24493:11)
      at src/hooks/usePersistedPreference.test.js:33:32
      at Object.<anonymous>.process.env.NODE_ENV.exports.act (node_modules/react/cjs/react.development.js:1081:22)
      at Object.<anonymous> (src/hooks/usePersistedPreference.test.js:33:14)

    console.error
      The current testing environment is not configured to support act(...)

      38 |   const render = async (props) => {
      39 |     let api = null;
    > 40 |     await act(async () => root.render(<Probe {...props} onReady={(next) => { api = next; }} />));
         |                                ^
      41 |     return () => api;
      42 |   };
      43 |

      at isConcurrentActEnvironment (node_modules/react-dom/cjs/react-dom-client.development.js:14234:17)
      at warnIfUpdatesNotWrappedWithActDEV (node_modules/react-dom/cjs/react-dom-client.development.js:15748:7)
      at scheduleUpdateOnFiber (node_modules/react-dom/cjs/react-dom-client.development.js:14311:11)
      at updateContainerImpl (node_modules/react-dom/cjs/react-dom-client.development.js:20278:10)
      at ReactDOMRoot.render (node_modules/react-dom/cjs/react-dom-client.development.js:24470:9)
      at src/hooks/usePersistedPreference.test.js:40:32
      at Object.<anonymous>.process.env.NODE_ENV.exports.act (node_modules/react/cjs/react.development.js:1081:22)
      at render (src/hooks/usePersistedPreference.test.js:40:14)
      at Object.<anonymous> (src/hooks/usePersistedPreference.test.js:51:11)

    console.error
      The current testing environment is not configured to support act(...)

      31 |
      32 |   afterEach(async () => {
    > 33 |     await act(async () => root.unmount());
         |                                ^
      34 |     container.remove();
      35 |     window.localStorage.clear();
      36 |   });

      at isConcurrentActEnvironment (node_modules/react-dom/cjs/react-dom-client.development.js:14234:17)
      at warnIfUpdatesNotWrappedWithActDEV (node_modules/react-dom/cjs/react-dom-client.development.js:15748:7)
      at scheduleUpdateOnFiber (node_modules/react-dom/cjs/react-dom-client.development.js:14311:11)
      at updateContainerImpl (node_modules/react-dom/cjs/react-dom-client.development.js:20278:10)
      at updateContainerSync (node_modules/react-dom/cjs/react-dom-client.development.js:20219:7)
      at ReactDOMRoot.unmount (node_modules/react-dom/cjs/react-dom-client.development.js:24493:11)
      at src/hooks/usePersistedPreference.test.js:33:32
      at Object.<anonymous>.process.env.NODE_ENV.exports.act (node_modules/react/cjs/react.development.js:1081:22)
      at Object.<anonymous> (src/hooks/usePersistedPreference.test.js:33:14)

    console.error
      The current testing environment is not configured to support act(...)

      38 |   const render = async (props) => {
      39 |     let api = null;
    > 40 |     await act(async () => root.render(<Probe {...props} onReady={(next) => { api = next; }} />));
         |                                ^
      41 |     return () => api;
      42 |   };
      43 |

      at isConcurrentActEnvironment (node_modules/react-dom/cjs/react-dom-client.development.js:14234:17)
      at warnIfUpdatesNotWrappedWithActDEV (node_modules/react-dom/cjs/react-dom-client.development.js:15748:7)
      at scheduleUpdateOnFiber (node_modules/react-dom/cjs/react-dom-client.development.js:14311:11)
      at updateContainerImpl (node_modules/react-dom/cjs/react-dom-client.development.js:20278:10)
      at ReactDOMRoot.render (node_modules/react-dom/cjs/react-dom-client.development.js:24470:9)
      at src/hooks/usePersistedPreference.test.js:40:32
      at Object.<anonymous>.process.env.NODE_ENV.exports.act (node_modules/react/cjs/react.development.js:1081:22)
      at render (src/hooks/usePersistedPreference.test.js:40:14)
      at Object.<anonymous> (src/hooks/usePersistedPreference.test.js:56:23)

    console.error
      The current testing environment is not configured to support act(...)

      55 |   test("persists under the cvf.pref namespace, never the mock-state key", async () => {
      56 |     const api = await render({ storageKey: "sport", fallback: "all" });
    > 57 |     await act(async () => api().setValue("flag_football"));
         |                                 ^
      58 |     expect(window.localStorage.getItem(`${NAMESPACE}sport`)).toBe("flag_football");
      59 |     // The mock-state envelope is a separate concern and must not be touched.
      60 |     expect(window.localStorage.getItem("cvf_app_state_v10")).toBeNull();

      at isConcurrentActEnvironment (node_modules/react-dom/cjs/react-dom-client.development.js:14234:17)
      at warnIfUpdatesNotWrappedWithActDEV (node_modules/react-dom/cjs/react-dom-client.development.js:15748:7)
      at scheduleUpdateOnFiber (node_modules/react-dom/cjs/react-dom-client.development.js:14311:11)
      at dispatchSetStateInternal (node_modules/react-dom/cjs/react-dom-client.development.js:7208:13)
      at setValue (node_modules/react-dom/cjs/react-dom-client.development.js:7161:7)
      at src/hooks/usePersistedPreference.test.js:57:33
      at Object.<anonymous>.process.env.NODE_ENV.exports.act (node_modules/react/cjs/react.development.js:1081:22)
      at Object.<anonymous> (src/hooks/usePersistedPreference.test.js:57:14)

    console.error
      The current testing environment is not configured to support act(...)

      31 |
      32 |   afterEach(async () => {
    > 33 |     await act(async () => root.unmount());
         |                                ^
      34 |     container.remove();
      35 |     window.localStorage.clear();
      36 |   });

      at isConcurrentActEnvironment (node_modules/react-dom/cjs/react-dom-client.development.js:14234:17)
      at warnIfUpdatesNotWrappedWithActDEV (node_modules/react-dom/cjs/react-dom-client.development.js:15748:7)
      at scheduleUpdateOnFiber (node_modules/react-dom/cjs/react-dom-client.development.js:14311:11)
      at updateContainerImpl (node_modules/react-dom/cjs/react-dom-client.development.js:20278:10)
      at updateContainerSync (node_modules/react-dom/cjs/react-dom-client.development.js:20219:7)
      at ReactDOMRoot.unmount (node_modules/react-dom/cjs/react-dom-client.development.js:24493:11)
      at src/hooks/usePersistedPreference.test.js:33:32
      at Object.<anonymous>.process.env.NODE_ENV.exports.act (node_modules/react/cjs/react.development.js:1081:22)
      at Object.<anonymous> (src/hooks/usePersistedPreference.test.js:33:14)

    console.error
      The current testing environment is not configured to support act(...)

      38 |   const render = async (props) => {
      39 |     let api = null;
    > 40 |     await act(async () => root.render(<Probe {...props} onReady={(next) => { api = next; }} />));
         |                                ^
      41 |     return () => api;
      42 |   };
      43 |

      at isConcurrentActEnvironment (node_modules/react-dom/cjs/react-dom-client.development.js:14234:17)
      at warnIfUpdatesNotWrappedWithActDEV (node_modules/react-dom/cjs/react-dom-client.development.js:15748:7)
      at scheduleUpdateOnFiber (node_modules/react-dom/cjs/react-dom-client.development.js:14311:11)
      at updateContainerImpl (node_modules/react-dom/cjs/react-dom-client.development.js:20278:10)
      at ReactDOMRoot.render (node_modules/react-dom/cjs/react-dom-client.development.js:24470:9)
      at src/hooks/usePersistedPreference.test.js:40:32
      at Object.<anonymous>.process.env.NODE_ENV.exports.act (node_modules/react/cjs/react.development.js:1081:22)
      at render (src/hooks/usePersistedPreference.test.js:40:14)
      at Object.<anonymous> (src/hooks/usePersistedPreference.test.js:65:11)

    console.error
      The current testing environment is not configured to support act(...)

      31 |
      32 |   afterEach(async () => {
    > 33 |     await act(async () => root.unmount());
         |                                ^
      34 |     container.remove();
      35 |     window.localStorage.clear();
      36 |   });

      at isConcurrentActEnvironment (node_modules/react-dom/cjs/react-dom-client.development.js:14234:17)
      at warnIfUpdatesNotWrappedWithActDEV (node_modules/react-dom/cjs/react-dom-client.development.js:15748:7)
      at scheduleUpdateOnFiber (node_modules/react-dom/cjs/react-dom-client.development.js:14311:11)
      at updateContainerImpl (node_modules/react-dom/cjs/react-dom-client.development.js:20278:10)
      at updateContainerSync (node_modules/react-dom/cjs/react-dom-client.development.js:20219:7)
      at ReactDOMRoot.unmount (node_modules/react-dom/cjs/react-dom-client.development.js:24493:11)
      at src/hooks/usePersistedPreference.test.js:33:32
      at Object.<anonymous>.process.env.NODE_ENV.exports.act (node_modules/react/cjs/react.development.js:1081:22)
      at Object.<anonymous> (src/hooks/usePersistedPreference.test.js:33:14)

    console.error
      The current testing environment is not configured to support act(...)

      38 |   const render = async (props) => {
      39 |     let api = null;
    > 40 |     await act(async () => root.render(<Probe {...props} onReady={(next) => { api = next; }} />));
         |                                ^
      41 |     return () => api;
      42 |   };
      43 |

      at isConcurrentActEnvironment (node_modules/react-dom/cjs/react-dom-client.development.js:14234:17)
      at warnIfUpdatesNotWrappedWithActDEV (node_modules/react-dom/cjs/react-dom-client.development.js:15748:7)
      at scheduleUpdateOnFiber (node_modules/react-dom/cjs/react-dom-client.development.js:14311:11)
      at updateContainerImpl (node_modules/react-dom/cjs/react-dom-client.development.js:20278:10)
      at ReactDOMRoot.render (node_modules/react-dom/cjs/react-dom-client.development.js:24470:9)
      at src/hooks/usePersistedPreference.test.js:40:32
      at Object.<anonymous>.process.env.NODE_ENV.exports.act (node_modules/react/cjs/react.development.js:1081:22)
      at render (src/hooks/usePersistedPreference.test.js:40:14)
      at Object.<anonymous> (src/hooks/usePersistedPreference.test.js:75:11)

    console.error
      The current testing environment is not configured to support act(...)

      31 |
      32 |   afterEach(async () => {
    > 33 |     await act(async () => root.unmount());
         |                                ^
      34 |     container.remove();
      35 |     window.localStorage.clear();
      36 |   });

      at isConcurrentActEnvironment (node_modules/react-dom/cjs/react-dom-client.development.js:14234:17)
      at warnIfUpdatesNotWrappedWithActDEV (node_modules/react-dom/cjs/react-dom-client.development.js:15748:7)
      at scheduleUpdateOnFiber (node_modules/react-dom/cjs/react-dom-client.development.js:14311:11)
      at updateContainerImpl (node_modules/react-dom/cjs/react-dom-client.development.js:20278:10)
      at updateContainerSync (node_modules/react-dom/cjs/react-dom-client.development.js:20219:7)
      at ReactDOMRoot.unmount (node_modules/react-dom/cjs/react-dom-client.development.js:24493:11)
      at src/hooks/usePersistedPreference.test.js:33:32
      at Object.<anonymous>.process.env.NODE_ENV.exports.act (node_modules/react/cjs/react.development.js:1081:22)
      at Object.<anonymous> (src/hooks/usePersistedPreference.test.js:33:14)

    console.error
      The current testing environment is not configured to support act(...)

      38 |   const render = async (props) => {
      39 |     let api = null;
    > 40 |     await act(async () => root.render(<Probe {...props} onReady={(next) => { api = next; }} />));
         |                                ^
      41 |     return () => api;
      42 |   };
      43 |

      at isConcurrentActEnvironment (node_modules/react-dom/cjs/react-dom-client.development.js:14234:17)
      at warnIfUpdatesNotWrappedWithActDEV (node_modules/react-dom/cjs/react-dom-client.development.js:15748:7)
      at scheduleUpdateOnFiber (node_modules/react-dom/cjs/react-dom-client.development.js:14311:11)
      at updateContainerImpl (node_modules/react-dom/cjs/react-dom-client.development.js:20278:10)
      at ReactDOMRoot.render (node_modules/react-dom/cjs/react-dom-client.development.js:24470:9)
      at src/hooks/usePersistedPreference.test.js:40:32
      at Object.<anonymous>.process.env.NODE_ENV.exports.act (node_modules/react/cjs/react.development.js:1081:22)
      at render (src/hooks/usePersistedPreference.test.js:40:14)
      at Object.<anonymous> (src/hooks/usePersistedPreference.test.js:90:11)

    console.error
      The current testing environment is not configured to support act(...)

      31 |
      32 |   afterEach(async () => {
    > 33 |     await act(async () => root.unmount());
         |                                ^
      34 |     container.remove();
      35 |     window.localStorage.clear();
      36 |   });

      at isConcurrentActEnvironment (node_modules/react-dom/cjs/react-dom-client.development.js:14234:17)
      at warnIfUpdatesNotWrappedWithActDEV (node_modules/react-dom/cjs/react-dom-client.development.js:15748:7)
      at scheduleUpdateOnFiber (node_modules/react-dom/cjs/react-dom-client.development.js:14311:11)
      at updateContainerImpl (node_modules/react-dom/cjs/react-dom-client.development.js:20278:10)
      at updateContainerSync (node_modules/react-dom/cjs/react-dom-client.development.js:20219:7)
      at ReactDOMRoot.unmount (node_modules/react-dom/cjs/react-dom-client.development.js:24493:11)
      at src/hooks/usePersistedPreference.test.js:33:32
      at Object.<anonymous>.process.env.NODE_ENV.exports.act (node_modules/react/cjs/react.development.js:1081:22)
      at Object.<anonymous> (src/hooks/usePersistedPreference.test.js:33:14)

PASS src/lib/calendar.test.js
PASS src/components/player/RankedLeaderboardRow.test.js
PASS src/lib/scoreValidation.test.js
PASS src/components/common/ErrorBoundary.test.js
PASS src/components/common/Section.test.js
PASS src/context/AppStateContext.backend.test.js
PASS src/components/direction/StructuralIdentity.test.js
PASS src/lib/ledgerScoring.test.js
PASS src/lib/selectors.test.js
PASS src/lib/payments.test.js
PASS src/components/ui/textarea.test.jsx
PASS src/context/mockState.test.js
PASS src/components/ui/input.test.jsx
PASS src/lib/supabase.test.js
PASS src/lib/brackets.test.js

Test Suites: 45 passed, 45 total
Tests:       283 passed, 283 total
Snapshots:   0 total
Time:        2.615 s, estimated 3 s
Ran all test suites.
